Archive member included to satisfy reference by file (symbol)

/opt/riscv/lib/gcc/riscv32-unknown-elf/12.1.0/libgcc.a(muldi3.o)
                              counter_la_mm.elf-matmul.o (__mulsi3)

Memory Configuration

Name             Origin             Length             Attributes
vexriscv_debug   0x00000000f00f0000 0x0000000000000100
dff              0x0000000000000000 0x0000000000000400
dff2             0x0000000000000400 0x0000000000000200
flash            0x0000000010000000 0x0000000001000000
mprj             0x0000000030000000 0x0000000000100000
mprjram          0x0000000038000100 0x0000000000000300
add_data         0x0000000038000000 0x0000000000000100
hk               0x0000000026000000 0x0000000000100000
csr              0x00000000f0000000 0x0000000000010000
*default*        0x0000000000000000 0xffffffffffffffff

Linker script and memory map

                0x0000000000000000                __DYNAMIC = 0x0

.text           0x0000000010000000      0x73c
                0x0000000010000000                _ftext = .
 *crt0*(.text)
 .text          0x0000000010000000      0x154 counter_la_mm.elf-crt0_vex.o
                0x0000000010000000                _start
                0x0000000010000020                trap_entry
 *crt0*(.text)
 *(.text.isr)
 *(.text .stub .text.* .gnu.linkonce.t.*)
 .text          0x0000000010000154       0xb8 counter_la_mm.elf-isr.o
                0x00000000100001b4                isr
 .text          0x000000001000020c        0x0 counter_la_mm.elf-matmul.o
 .text          0x000000001000020c      0x50c counter_la_mm.elf-counter_la_mm.o
                0x0000000010000244                putchar
                0x00000000100002ac                print
                0x0000000010000300                main
 .text          0x0000000010000718       0x24 /opt/riscv/lib/gcc/riscv32-unknown-elf/12.1.0/libgcc.a(muldi3.o)
                0x0000000010000718                __mulsi3
                0x000000001000073c                _etext = .

.rela.dyn       0x000000001000073c        0x0
 .rela.text     0x000000001000073c        0x0 counter_la_mm.elf-crt0_vex.o

.rodata         0x000000001000073c        0x4
                0x0000000010000740                . = ALIGN (0x8)
 *fill*         0x000000001000073c        0x4 
                0x0000000010000740                _frodata = .
 *(.rodata .rodata.* .gnu.linkonce.r.*)
 *(.rodata1)
                0x0000000010000740                . = ALIGN (0x8)
                0x0000000010000740                _erodata = .

.data           0x0000000038000000       0x80 load address 0x0000000010000740
                0x0000000038000000                . = ALIGN (0x8)
                0x0000000038000000                _fdata = .
 *(.data .data.* .gnu.linkonce.d.*)
 .data          0x0000000038000000        0x0 counter_la_mm.elf-crt0_vex.o
 .data          0x0000000038000000        0x0 counter_la_mm.elf-isr.o
 .data          0x0000000038000000       0x80 counter_la_mm.elf-matmul.o
                0x0000000038000000                A
                0x0000000038000040                B
 .data          0x0000000038000080        0x0 counter_la_mm.elf-counter_la_mm.o
 .data          0x0000000038000080        0x0 /opt/riscv/lib/gcc/riscv32-unknown-elf/12.1.0/libgcc.a(muldi3.o)
 *(.data1)
                0x0000000038000080                _gp = ALIGN (0x10)
 *(.sdata .sdata.* .gnu.linkonce.s.*)
                0x0000000038000080                . = ALIGN (0x8)
                0x0000000038000080                _edata = .

.bss            0x0000000038000080       0x48 load address 0x00000000100007c0
                0x0000000038000080                . = ALIGN (0x8)
                0x0000000038000080                _fbss = .
 *(.dynsbss)
 *(.sbss .sbss.* .gnu.linkonce.sb.*)
 .sbss          0x0000000038000080        0x2 counter_la_mm.elf-isr.o
                0x0000000038000080                flag
 *(.scommon)
 *(.dynbss)
 *(.bss .bss.* .gnu.linkonce.b.*)
 .bss           0x0000000038000082        0x0 counter_la_mm.elf-crt0_vex.o
 .bss           0x0000000038000082        0x0 counter_la_mm.elf-isr.o
 *fill*         0x0000000038000082        0x2 
 .bss           0x0000000038000084       0x40 counter_la_mm.elf-matmul.o
                0x0000000038000084                result
 .bss           0x00000000380000c4        0x0 counter_la_mm.elf-counter_la_mm.o
 .bss           0x00000000380000c4        0x0 /opt/riscv/lib/gcc/riscv32-unknown-elf/12.1.0/libgcc.a(muldi3.o)
 *(COMMON)
                0x00000000380000c8                . = ALIGN (0x8)
 *fill*         0x00000000380000c4        0x4 
                0x00000000380000c8                _ebss = .
                0x00000000380000c8                _end = .

.mprjram        0x0000000038000100      0x12c load address 0x00000000100007c0
                0x0000000038000100                . = ALIGN (0x8)
                0x0000000038000100                _fsram = .
 .mprjram       0x0000000038000100      0x12c counter_la_mm.elf-matmul.o
                0x0000000038000100                matmul
                0x0000000000000600                PROVIDE (_fstack = (ORIGIN (dff2) + LENGTH (dff2)))
                0x0000000010000740                PROVIDE (_fdata_rom = LOADADDR (.data))
                [!provide]                        PROVIDE (_edata_rom = (LOADADDR (.data) + SIZEOF (.data)))
                0x000000003800022c                PROVIDE (_esram = (ORIGIN (mprjram) + SIZEOF (.mprjram)))
                0x00000000100007c0                PROVIDE (_esram_rom = LOADADDR (.mprjram))
LOAD counter_la_mm.elf-crt0_vex.o
LOAD counter_la_mm.elf-isr.o
LOAD counter_la_mm.elf-matmul.o
LOAD counter_la_mm.elf-counter_la_mm.o
LOAD /opt/riscv/lib/gcc/riscv32-unknown-elf/12.1.0/libgcc.a
START GROUP
LOAD /opt/riscv/lib/gcc/riscv32-unknown-elf/12.1.0/../../../../riscv32-unknown-elf/lib/libc.a
LOAD /opt/riscv/lib/gcc/riscv32-unknown-elf/12.1.0/../../../../riscv32-unknown-elf/lib/libgloss.a
END GROUP
LOAD /opt/riscv/lib/gcc/riscv32-unknown-elf/12.1.0/libgcc.a
OUTPUT(counter_la_mm.elf elf32-littleriscv)

.riscv.attributes
                0x0000000000000000       0x20
 .riscv.attributes
                0x0000000000000000       0x1e counter_la_mm.elf-crt0_vex.o
 .riscv.attributes
                0x000000000000001e       0x20 counter_la_mm.elf-isr.o
 .riscv.attributes
                0x000000000000003e       0x1c counter_la_mm.elf-matmul.o
 .riscv.attributes
                0x000000000000005a       0x1c counter_la_mm.elf-counter_la_mm.o
 .riscv.attributes
                0x0000000000000076       0x1a /opt/riscv/lib/gcc/riscv32-unknown-elf/12.1.0/libgcc.a(muldi3.o)

.comment        0x0000000000000000       0x1b
 .comment       0x0000000000000000       0x1b counter_la_mm.elf-isr.o
                                         0x1c (size before relaxing)
 .comment       0x000000000000001b       0x1c counter_la_mm.elf-matmul.o
 .comment       0x000000000000001b       0x1c counter_la_mm.elf-counter_la_mm.o

.debug_line     0x0000000000000000      0x995
 .debug_line    0x0000000000000000      0x204 counter_la_mm.elf-crt0_vex.o
 .debug_line    0x0000000000000204       0xd1 counter_la_mm.elf-isr.o
 .debug_line    0x00000000000002d5      0x16f counter_la_mm.elf-matmul.o
 .debug_line    0x0000000000000444      0x4d7 counter_la_mm.elf-counter_la_mm.o
 .debug_line    0x000000000000091b       0x7a /opt/riscv/lib/gcc/riscv32-unknown-elf/12.1.0/libgcc.a(muldi3.o)

.debug_line_str
                0x0000000000000000      0x177
 .debug_line_str
                0x0000000000000000       0x4f counter_la_mm.elf-crt0_vex.o
 .debug_line_str
                0x000000000000004f       0x6b counter_la_mm.elf-isr.o
                                         0xf0 (size before relaxing)
 .debug_line_str
                0x00000000000000ba       0x12 counter_la_mm.elf-matmul.o
                                         0x8e (size before relaxing)
 .debug_line_str
                0x00000000000000cc       0x17 counter_la_mm.elf-counter_la_mm.o
                                         0xfc (size before relaxing)
 .debug_line_str
                0x00000000000000e3       0x94 /opt/riscv/lib/gcc/riscv32-unknown-elf/12.1.0/libgcc.a(muldi3.o)

.debug_info     0x0000000000000000      0x350
 .debug_info    0x0000000000000000       0x25 counter_la_mm.elf-crt0_vex.o
 .debug_info    0x0000000000000025       0xed counter_la_mm.elf-isr.o
 .debug_info    0x0000000000000112       0xdc counter_la_mm.elf-matmul.o
 .debug_info    0x00000000000001ee      0x133 counter_la_mm.elf-counter_la_mm.o
 .debug_info    0x0000000000000321       0x2f /opt/riscv/lib/gcc/riscv32-unknown-elf/12.1.0/libgcc.a(muldi3.o)

.debug_abbrev   0x0000000000000000      0x27e
 .debug_abbrev  0x0000000000000000       0x14 counter_la_mm.elf-crt0_vex.o
 .debug_abbrev  0x0000000000000014       0xa9 counter_la_mm.elf-isr.o
 .debug_abbrev  0x00000000000000bd       0xbb counter_la_mm.elf-matmul.o
 .debug_abbrev  0x0000000000000178       0xe5 counter_la_mm.elf-counter_la_mm.o
 .debug_abbrev  0x000000000000025d       0x21 /opt/riscv/lib/gcc/riscv32-unknown-elf/12.1.0/libgcc.a(muldi3.o)

.debug_aranges  0x0000000000000000       0xa0
 .debug_aranges
                0x0000000000000000       0x20 counter_la_mm.elf-crt0_vex.o
 .debug_aranges
                0x0000000000000020       0x20 counter_la_mm.elf-isr.o
 .debug_aranges
                0x0000000000000040       0x20 counter_la_mm.elf-matmul.o
 .debug_aranges
                0x0000000000000060       0x20 counter_la_mm.elf-counter_la_mm.o
 .debug_aranges
                0x0000000000000080       0x20 /opt/riscv/lib/gcc/riscv32-unknown-elf/12.1.0/libgcc.a(muldi3.o)

.debug_str      0x0000000000000000      0x20b
 .debug_str     0x0000000000000000       0x5b counter_la_mm.elf-crt0_vex.o
 .debug_str     0x000000000000005b       0xec counter_la_mm.elf-isr.o
                                        0x125 (size before relaxing)
 .debug_str     0x0000000000000147       0x14 counter_la_mm.elf-matmul.o
                                         0x78 (size before relaxing)
 .debug_str     0x000000000000015b       0x13 counter_la_mm.elf-counter_la_mm.o
                                        0x125 (size before relaxing)
 .debug_str     0x000000000000016e       0x9d /opt/riscv/lib/gcc/riscv32-unknown-elf/12.1.0/libgcc.a(muldi3.o)
                                         0xa9 (size before relaxing)

.debug_frame    0x0000000000000000      0x1ac
 .debug_frame   0x0000000000000000       0xa4 counter_la_mm.elf-isr.o
 .debug_frame   0x00000000000000a4       0x38 counter_la_mm.elf-matmul.o
 .debug_frame   0x00000000000000dc       0xd0 counter_la_mm.elf-counter_la_mm.o

.debug_rnglists
                0x0000000000000000       0x16
 .debug_rnglists
                0x0000000000000000       0x16 counter_la_mm.elf-matmul.o
